Collecting contourpy==1.3.3 (from -r requirements.lock (line 4))
  Using cached contourpy-1.3.3-cp312-cp312-manylinux_2_27_x86_64.manylinux_2_28_x86_64.whl.metadata (5.5 kB)
Collecting cycler==0.12.1 (from -r requirements.lock (line 5))
  Using cached cycler-0.12.1-py3-none-any.whl.metadata (3.8 kB)
Collecting fonttools==4.63.0 (from -r requirements.lock (line 6))
  Using cached fonttools-4.63.0-cp312-cp312-manylinux2014_x86_64.manylinux_2_17_x86_64.whl.metadata (118 kB)
Collecting igraph==1.0.0 (from -r requirements.lock (line 7))
  Using cached igraph-1.0.0-cp39-abi3-manylinux_2_28_x86_64.whl.metadata (4.4 kB)
Collecting iniconfig==2.3.0 (from -r requirements.lock (line 8))
  Using cached iniconfig-2.3.0-py3-none-any.whl.metadata (2.5 kB)
Collecting joblib==1.5.3 (from -r requirements.lock (line 9))
  Using cached joblib-1.5.3-py3-none-any.whl.metadata (5.5 kB)
Collecting kiwisolver==1.5.0 (from -r requirements.lock (line 10))
  Using cached kiwisolver-1.5.0-cp312-cp312-manylinux2014_x86_64.manylinux_2_17_x86_64.whl.metadata (5.1 kB)
Collecting leidenalg==0.12.0 (from -r requirements.lock (line 11))
  Using cached leidenalg-0.12.0-cp38-abi3-manylinux_2_27_x86_64.manylinux_2_28_x86_64.whl.metadata (10 kB)
Collecting matplotlib==3.11.0 (from -r requirements.lock (line 12))
  Using cached matplotlib-3.11.0-cp312-cp312-manylinux2014_x86_64.manylinux_2_17_x86_64.whl.metadata (80 kB)
Collecting narwhals==2.23.0 (from -r requirements.lock (line 13))
  Using cached narwhals-2.23.0-py3-none-any.whl.metadata (15 kB)
Collecting networkx==3.6.1 (from -r requirements.lock (line 14))
  Using cached networkx-3.6.1-py3-none-any.whl.metadata (6.8 kB)
Collecting numpy==2.5.1 (from -r requirements.lock (line 15))
  Using cached numpy-2.5.1-cp312-cp312-manylinux_2_27_x86_64.manylinux_2_28_x86_64.whl.metadata (6.6 kB)
Collecting packaging==26.2 (from -r requirements.lock (line 16))
  Using cached packaging-26.2-py3-none-any.whl.metadata (3.5 kB)
Collecting pandas==3.0.3 (from -r requirements.lock (line 17))
  Using cached pandas-3.0.3-cp312-cp312-manylinux_2_24_x86_64.manylinux_2_28_x86_64.whl.metadata (79 kB)
Collecting pillow==12.3.0 (from -r requirements.lock (line 18))
  Using cached pillow-12.3.0-cp312-cp312-manylinux_2_27_x86_64.manylinux_2_28_x86_64.whl.metadata (9.1 kB)
Collecting pluggy==1.6.0 (from -r requirements.lock (line 19))
  Using cached pluggy-1.6.0-py3-none-any.whl.metadata (4.8 kB)
Collecting pygments==2.20.0 (from -r requirements.lock (line 20))
  Using cached pygments-2.20.0-py3-none-any.whl.metadata (2.5 kB)
Collecting pyparsing==3.3.2 (from -r requirements.lock (line 21))
  Using cached pyparsing-3.3.2-py3-none-any.whl.metadata (5.8 kB)
Collecting pytest==9.1.1 (from -r requirements.lock (line 22))
  Using cached pytest-9.1.1-py3-none-any.whl.metadata (7.6 kB)
Collecting python-dateutil==2.9.0.post0 (from -r requirements.lock (line 23))
  Using cached python_dateutil-2.9.0.post0-py2.py3-none-any.whl.metadata (8.4 kB)
Collecting python-louvain==0.16 (from -r requirements.lock (line 24))
  Using cached python_louvain-0.16-py3-none-any.whl
Collecting scikit-learn==1.9.0 (from -r requirements.lock (line 25))
  Using cached scikit_learn-1.9.0-cp312-cp312-manylinux_2_27_x86_64.manylinux_2_28_x86_64.whl.metadata (11 kB)
Collecting scipy==1.18.0 (from -r requirements.lock (line 26))
  Using cached scipy-1.18.0-cp312-cp312-manylinux_2_27_x86_64.manylinux_2_28_x86_64.whl.metadata (62 kB)
Collecting six==1.17.0 (from -r requirements.lock (line 27))
  Using cached six-1.17.0-py2.py3-none-any.whl.metadata (1.7 kB)
Collecting texttable==1.7.0 (from -r requirements.lock (line 28))
  Using cached texttable-1.7.0-py2.py3-none-any.whl.metadata (9.8 kB)
Collecting threadpoolctl==3.6.0 (from -r requirements.lock (line 29))
  Using cached threadpoolctl-3.6.0-py3-none-any.whl.metadata (13 kB)
Using cached contourpy-1.3.3-cp312-cp312-manylinux_2_27_x86_64.manylinux_2_28_x86_64.whl (362 kB)
Using cached cycler-0.12.1-py3-none-any.whl (8.3 kB)
Using cached fonttools-4.63.0-cp312-cp312-manylinux2014_x86_64.manylinux_2_17_x86_64.whl (5.0 MB)
Using cached igraph-1.0.0-cp39-abi3-manylinux_2_28_x86_64.whl (5.7 MB)
Using cached iniconfig-2.3.0-py3-none-any.whl (7.5 kB)
Using cached joblib-1.5.3-py3-none-any.whl (309 kB)
Using cached kiwisolver-1.5.0-cp312-cp312-manylinux2014_x86_64.manylinux_2_17_x86_64.whl (1.5 MB)
Using cached leidenalg-0.12.0-cp38-abi3-manylinux_2_27_x86_64.manylinux_2_28_x86_64.whl (2.7 MB)
Using cached matplotlib-3.11.0-cp312-cp312-manylinux2014_x86_64.manylinux_2_17_x86_64.whl (10.0 MB)
Using cached narwhals-2.23.0-py3-none-any.whl (458 kB)
Using cached networkx-3.6.1-py3-none-any.whl (2.1 MB)
Using cached numpy-2.5.1-cp312-cp312-manylinux_2_27_x86_64.manylinux_2_28_x86_64.whl (16.7 MB)
Using cached packaging-26.2-py3-none-any.whl (100 kB)
Using cached pandas-3.0.3-cp312-cp312-manylinux_2_24_x86_64.manylinux_2_28_x86_64.whl (10.9 MB)
Using cached pillow-12.3.0-cp312-cp312-manylinux_2_27_x86_64.manylinux_2_28_x86_64.whl (6.9 MB)
Using cached pluggy-1.6.0-py3-none-any.whl (20 kB)
Using cached pygments-2.20.0-py3-none-any.whl (1.2 MB)
Using cached pyparsing-3.3.2-py3-none-any.whl (122 kB)
Using cached pytest-9.1.1-py3-none-any.whl (386 kB)
Using cached python_dateutil-2.9.0.post0-py2.py3-none-any.whl (229 kB)
Using cached scikit_learn-1.9.0-cp312-cp312-manylinux_2_27_x86_64.manylinux_2_28_x86_64.whl (9.1 MB)
Using cached scipy-1.18.0-cp312-cp312-manylinux_2_27_x86_64.manylinux_2_28_x86_64.whl (35.3 MB)
Using cached six-1.17.0-py2.py3-none-any.whl (11 kB)
Using cached texttable-1.7.0-py2.py3-none-any.whl (10 kB)
Using cached threadpoolctl-3.6.0-py3-none-any.whl (18 kB)
Installing collected packages: texttable, threadpoolctl, six, pyparsing, pygments, pluggy, pillow, packaging, numpy, networkx, narwhals, kiwisolver, joblib, iniconfig, igraph, fonttools, cycler, scipy, python-louvain, python-dateutil, pytest, leidenalg, contourpy, scikit-learn, pandas, matplotlib
Successfully installed contourpy-1.3.3 cycler-0.12.1 fonttools-4.63.0 igraph-1.0.0 iniconfig-2.3.0 joblib-1.5.3 kiwisolver-1.5.0 leidenalg-0.12.0 matplotlib-3.11.0 narwhals-2.23.0 networkx-3.6.1 numpy-2.5.1 packaging-26.2 pandas-3.0.3 pillow-12.3.0 pluggy-1.6.0 pygments-2.20.0 pyparsing-3.3.2 pytest-9.1.1 python-dateutil-2.9.0.post0 python-louvain-0.16 scikit-learn-1.9.0 scipy-1.18.0 six-1.17.0 texttable-1.7.0 threadpoolctl-3.6.0
{
  "created": 72,
  "existing": 0,
  "member_count": 72,
  "status": "pass"
}
........................................................................ [ 29%]
.............................................. [ 48%]
........................................................................ [ 78%]
....................................................      [100%]
242 passed, 41 subtests passed in 58.04s
PASS: 0 manuscript figure(s), no stale or orphan assets.
{
  "checks": [
    {
      "details": {
        "expected_page_count": 11,
        "figure_policy": "no figures are included by the revised manuscript",
        "maximum_overfull_points": 5.0,
        "path": "revision/submission-policy.json",
        "profile": "minimal-synthetic-resubmission",
        "status": "locked-local-policy"
      },
      "errors": [],
      "name": "submission_policy",
      "status": "pass"
    },
    {
      "details": {
        "accepted_run_id": "20260728T213934Z-85f2a6686a1b-9797f31f-x0-exp23-heldout",
        "promoted_artifact_count": 9,
        "promoted_paths": {
          "claim-selectors.json": "loop/revision/claim-selectors.json",
          "data_distribution_report_v4.json": "demo/results/tables/data_distribution_report_v4.json",
          "data_quality_summary_v4.json": "demo/results/tables/data_quality_summary_v4.json",
          "exp22_runtime_repro.json": "demo/results/tables/exp22_runtime_repro.json",
          "exp23_heldout_evaluation.json.gz": "demo/results/tables/exp23_heldout_evaluation.json.gz",
          "exp23_heldout_selectors.json": "demo/results/tables/exp23_heldout_selectors.json",
          "exp23_heldout_summary.json": "demo/results/tables/exp23_heldout_summary.json",
          "revision_results.tex": "paper/generated/revision_results.tex",
          "traceability.md": "loop/revision/traceability.md"
        },
        "rejected_run_count": 3,
        "result_lock_sha256": "6ec2613168c3984f7a6bb3d72a2224fc8ade3333acee8cfd5457bd040590eeb9"
      },
      "errors": [],
      "name": "result_lock",
      "status": "pass"
    },
    {
      "details": {
        "compact_sha256": "3388cd33b45cda973f1b8b5836454581ef9284bed1cc168e2fb418b00d93d24d",
        "gzip_sha256": "95ec9630fde9ab83ba4c7c68a7f08cba4bcf45a338c12c2abfc3fa1de1f916d5",
        "omitted_raw_rows": 4256,
        "omitted_sections": {
          "/clustering/per_seed_rows": 40,
          "/dispatch_outcomes/per_seed_resource_policy_rows": 720,
          "/factorial_ablation/clustering/rows": 640,
          "/factorial_ablation/priority/rows": 320,
          "/priority_robustness/scenario_rows": 2536
        },
        "raw_bytes": 63123333,
        "raw_content_sha256": "ddafd634fbf9f48ddc4dcc583518a11ae5bb4d342fc29087e9865aefbeb18761",
        "raw_sha256": "f73bfcd03d57bbd1457c569fedc44ce4f230b0c4d24eb6155653a37ed0c97163",
        "selector_content_sha256": "437821d18b9a9c1d9cde5248b2618c4f3274da5d4966274592de6c0b257a10a4",
        "selector_count": 448,
        "selector_sha256": "011a6118744bbaa65bfd274a23e3a5ada1eb8b692285bac1a05c00b150c4a7a2"
      },
      "errors": [],
      "name": "archive_compact_selectors",
      "status": "pass"
    },
    {
      "details": {
        "catalog_sha256": "528fb3c52a73b25aec45f3d1b28a2d02377f3c61011f929ab94930772c9cc18b",
        "claim_count": 9451,
        "macros_sha256": "3c0d5650c6338541ac62fe9ca7f92228ab54979be07c0a13b8ef0b9b23370b50",
        "required_disclosure_count": 10,
        "selector_root_count": 461,
        "source_count": 9
      },
      "errors": [],
      "name": "claim_catalog_macros",
      "status": "pass"
    },
    {
      "details": {
        "claim_occurrence_count": 183,
        "mandatory_disclosure_count": 10,
        "tex_source_count": 2,
        "unique_claim_count": 161,
        "unresolved_claims": []
      },
      "errors": [],
      "name": "manuscript_claims",
      "status": "pass"
    },
    {
      "details": {
        "matches": [],
        "pattern_count": 5,
        "scanned_paths": [
          "README.md",
          "demo/README.md",
          "paper/main.tex"
        ]
      },
      "errors": [],
      "name": "stale_legacy_terms",
      "status": "pass"
    },
    {
      "details": {
        "available_figure_count": 0,
        "includegraphics_count": 0,
        "orphan_figure_count": 0,
        "policy": "no figures are included by the revised manuscript",
        "referenced_figure_count": 0
      },
      "errors": [],
      "name": "figure_policy",
      "status": "pass"
    },
    {
      "details": {
        "contents_verified": true,
        "file_count": 72,
        "mode": "archive",
        "package_bytes": 4706161,
        "package_sha256": "e7b9bcfcda6897853074fa9c21820545440bf0f3022a2c02ab80d64dd9192d1a"
      },
      "errors": [],
      "name": "artifact_package",
      "status": "pass"
    },
    {
      "details": {
        "reason": "pre-build phase"
      },
      "errors": [],
      "name": "tex_log",
      "status": "skip"
    },
    {
      "details": {
        "reason": "pre-build phase"
      },
      "errors": [],
      "name": "bibtex_log",
      "status": "skip"
    },
    {
      "details": {
        "reason": "pre-build phase"
      },
      "errors": [],
      "name": "publication_freshness",
      "status": "skip"
    }
  ],
  "external_submission_blockers": {
    "authors_and_orcids": "external-blocked",
    "competing_interests_declaration": "external-blocked",
    "funding_declaration": "external-blocked",
    "public_repository_or_doi": "external-blocked",
    "venue_page_limit": null,
    "venue_page_limit_status": "external-blocked"
  },
  "phase": "pre",
  "policy": {
    "configured": true,
    "profile": "minimal-synthetic-resubmission",
    "status": "locked-local-policy"
  },
  "repository_root": "/home/ngthtrong/.cache/nckh2-gate4-bootstrap-5988a0d/repo",
  "schema_version": 1,
  "status": "pass",
  "summary": {
    "fail": 0,
    "incomplete": 0,
    "pass": 8,
    "skip": 3
  }
}
This is XeTeX, Version 3.141592653-2.6-0.999995 (TeX Live 2023/Debian) (preloaded format=xelatex)
 restricted \write18 enabled.
entering extended mode
(./main.tex
LaTeX2e <2023-11-01> patch level 1
L3 programming layer <2024-01-22>
(./llncs.cls
Document Class: llncs 2024/01/29 v2.24 
 LaTeX document class for Lecture Notes in Computer Science
(/usr/share/texlive/texmf-dist/tex/latex/base/article.cls
Document Class: article 2023/05/17 v1.4n Standard LaTeX document class
(/usr/share/texlive/texmf-dist/tex/latex/base/size10.clo))
(/usr/share/texlive/texmf-dist/tex/latex/tools/multicol.sty)
(/usr/share/texlive/texmf-dist/tex/latex/oberdiek/aliascnt.sty))
(/usr/share/texlive/texmf-dist/tex/generic/iftex/iftex.sty)
(/usr/share/texlive/texmf-dist/tex/latex/fontspec/fontspec.sty
(/usr/share/texlive/texmf-dist/tex/latex/l3packages/xparse/xparse.sty
(/usr/share/texlive/texmf-dist/tex/latex/l3kernel/expl3.sty
(/usr/share/texlive/texmf-dist/tex/latex/l3backend/l3backend-xetex.def)))
(/usr/share/texlive/texmf-dist/tex/latex/fontspec/fontspec-xetex.sty
(/usr/share/texlive/texmf-dist/tex/latex/base/fontenc.sty)
(/usr/share/texlive/texmf-dist/tex/latex/fontspec/fontspec.cfg)))
(/usr/share/texlive/texmf-dist/tex/latex/amsmath/amsmath.sty
For additional information on amsmath, use the `?' option.
(/usr/share/texlive/texmf-dist/tex/latex/amsmath/amstext.sty
(/usr/share/texlive/texmf-dist/tex/latex/amsmath/amsgen.sty))
(/usr/share/texlive/texmf-dist/tex/latex/amsmath/amsbsy.sty)
(/usr/share/texlive/texmf-dist/tex/latex/amsmath/amsopn.sty)

Package amsmath Warning: Unable to redefine math accent \vec.

) (/usr/share/texlive/texmf-dist/tex/latex/amsfonts/amssymb.sty
(/usr/share/texlive/texmf-dist/tex/latex/amsfonts/amsfonts.sty))
(/usr/share/texlive/texmf-dist/tex/latex/booktabs/booktabs.sty)
(/usr/share/texlive/texmf-dist/tex/latex/graphics/graphicx.sty
(/usr/share/texlive/texmf-dist/tex/latex/graphics/keyval.sty)
(/usr/share/texlive/texmf-dist/tex/latex/graphics/graphics.sty
(/usr/share/texlive/texmf-dist/tex/latex/graphics/trig.sty)
(/usr/share/texlive/texmf-dist/tex/latex/graphics-cfg/graphics.cfg)
(/usr/share/texlive/texmf-dist/tex/latex/graphics-def/xetex.def)))
(/usr/share/texlive/texmf-dist/tex/latex/multirow/multirow.sty)
(/usr/share/texlive/texmf-dist/tex/latex/xcolor/xcolor.sty
(/usr/share/texlive/texmf-dist/tex/latex/graphics-cfg/color.cfg)
(/usr/share/texlive/texmf-dist/tex/latex/graphics/mathcolor.ltx))
(/usr/share/texlive/texmf-dist/tex/latex/hyperref/hyperref.sty
(/usr/share/texlive/texmf-dist/tex/latex/kvsetkeys/kvsetkeys.sty)
(/usr/share/texlive/texmf-dist/tex/generic/kvdefinekeys/kvdefinekeys.sty)
(/usr/share/texlive/texmf-dist/tex/generic/pdfescape/pdfescape.sty
(/usr/share/texlive/texmf-dist/tex/generic/ltxcmds/ltxcmds.sty)
(/usr/share/texlive/texmf-dist/tex/generic/pdftexcmds/pdftexcmds.sty
(/usr/share/texlive/texmf-dist/tex/generic/infwarerr/infwarerr.sty)))
(/usr/share/texlive/texmf-dist/tex/latex/hycolor/hycolor.sty)
(/usr/share/texlive/texmf-dist/tex/latex/auxhook/auxhook.sty)
(/usr/share/texlive/texmf-dist/tex/latex/hyperref/nameref.sty
(/usr/share/texlive/texmf-dist/tex/latex/refcount/refcount.sty)
(/usr/share/texlive/texmf-dist/tex/generic/gettitlestring/gettitlestring.sty
(/usr/share/texlive/texmf-dist/tex/latex/kvoptions/kvoptions.sty)))
(/usr/share/texlive/texmf-dist/tex/latex/etoolbox/etoolbox.sty)
(/usr/share/texlive/texmf-dist/tex/latex/hyperref/pd1enc.def)
(/usr/share/texlive/texmf-dist/tex/generic/intcalc/intcalc.sty)
(/usr/share/texlive/texmf-dist/tex/latex/hyperref/puenc.def)
(/usr/share/texlive/texmf-dist/tex/latex/url/url.sty)
(/usr/share/texlive/texmf-dist/tex/generic/bitset/bitset.sty
(/usr/share/texlive/texmf-dist/tex/generic/bigintcalc/bigintcalc.sty))
(/usr/share/texlive/texmf-dist/tex/latex/base/atbegshi-ltx.sty))
(/usr/share/texlive/texmf-dist/tex/latex/hyperref/hxetex.def
(/usr/share/texlive/texmf-dist/tex/generic/stringenc/stringenc.sty)
(/usr/share/texlive/texmf-dist/tex/latex/rerunfilecheck/rerunfilecheck.sty
(/usr/share/texlive/texmf-dist/tex/latex/base/atveryend-ltx.sty)
(/usr/share/texlive/texmf-dist/tex/generic/uniquecounter/uniquecounter.sty)))
(./generated/revision_results.tex)
No file main.aux.
(/usr/share/texlive/texmf-dist/tex/latex/base/ts1cmr.fd)

Package hyperref Warning: Rerun to get /PageLabels entry.

(/usr/share/texlive/texmf-dist/tex/latex/amsfonts/umsa.fd)
(/usr/share/texlive/texmf-dist/tex/latex/amsfonts/umsb.fd)

LaTeX Warning: Citation `tomasi1998bilateral' on page 1 undefined on input line
 83.

[1]

LaTeX Warning: Citation `alam2018crisismmd' on page 2 undefined on input line 1
05.


LaTeX Warning: Citation `rahnemoonfar2021floodnet' on page 2 undefined on input
 line 106.


LaTeX Warning: Citation `howard2019mobilenetv3' on page 2 undefined on input li
ne 107.


LaTeX Warning: Citation `sanh2019distilbert' on page 2 undefined on input line 
108.


LaTeX Warning: Citation `kyrkou2020emergencynet' on page 2 undefined on input l
ine 109.


LaTeX Warning: Citation `blondel2008louvain' on page 2 undefined on input line 
116.


LaTeX Warning: Citation `traag2019leiden' on page 2 undefined on input line 117
.


LaTeX Warning: Citation `ester1996dbscan' on page 2 undefined on input line 118
.


LaTeX Warning: Citation `campello2013hdbscan' on page 2 undefined on input line
 119.


LaTeX Warning: Citation `birant2007stdbscan' on page 2 undefined on input line 
119.


LaTeX Warning: Citation `chavent2018clustgeo' on page 2 undefined on input line
 122.


LaTeX Warning: Citation `assuncao2006efficient' on page 2 undefined on input li
ne 123.


LaTeX Warning: Citation `yuan2021spatial' on page 2 undefined on input line 124
.


LaTeX Warning: Citation `saaty1980ahp' on page 2 undefined on input line 129.


LaTeX Warning: Citation `vitoriano2011multicriteria' on page 2 undefined on inp
ut line 129.


LaTeX Warning: Citation `gralla2014review' on page 2 undefined on input line 13
1.


LaTeX Warning: Citation `huang2012models' on page 2 undefined on input line 131
.


LaTeX Warning: Citation `tomasi1998bilateral' on page 2 undefined on input line
 152.


LaTeX Warning: Citation `birant2007stdbscan' on page 2 undefined on input line 
152.


LaTeX Warning: Citation `chavent2018clustgeo' on page 2 undefined on input line
 152.


LaTeX Warning: Citation `assuncao2006efficient' on page 2 undefined on input li
ne 152.

[2] [3]

LaTeX Warning: Reference `thm:product' on page 4 undefined on input line 247.

[4]
Underfull \hbox (badness 1838) in paragraph at lines 282--294
\TU/lmr/m/n/10 The method-agnostic Gate-1 freeze contains 80 independently gene
rated
[5]

LaTeX Warning: Reference `tab:clustering' on page 6 undefined on input line 362
.

[6]

LaTeX Warning: Reference `tab:factorial' on page 7 undefined on input line 491.



LaTeX Warning: Reference `tab:dispatch' on page 7 undefined on input line 594.

[7] [8] [9]
No file main.bbl.
[10] (./main.aux)

LaTeX Warning: There were undefined references.


LaTeX Warning: Label(s) may have changed. Rerun to get cross-references right.


Package rerunfilecheck Warning: File `main.out' has changed.
(rerunfilecheck)                Rerun to get outlines right
(rerunfilecheck)                or use package `bookmark'.

 )
(see the transcript file for additional information)
Output written on main.pdf (10 pages).
Transcript written on main.log.
This is BibTeX, Version 0.99d (TeX Live 2023/Debian)
The top-level auxiliary file: main.aux
The style file: splncs04.bst
Database file #1: references.bib
This is XeTeX, Version 3.141592653-2.6-0.999995 (TeX Live 2023/Debian) (preloaded format=xelatex)
 restricted \write18 enabled.
entering extended mode
(./main.tex
LaTeX2e <2023-11-01> patch level 1
L3 programming layer <2024-01-22>
(./llncs.cls
Document Class: llncs 2024/01/29 v2.24 
 LaTeX document class for Lecture Notes in Computer Science
(/usr/share/texlive/texmf-dist/tex/latex/base/article.cls
Document Class: article 2023/05/17 v1.4n Standard LaTeX document class
(/usr/share/texlive/texmf-dist/tex/latex/base/size10.clo))
(/usr/share/texlive/texmf-dist/tex/latex/tools/multicol.sty)
(/usr/share/texlive/texmf-dist/tex/latex/oberdiek/aliascnt.sty))
(/usr/share/texlive/texmf-dist/tex/generic/iftex/iftex.sty)
(/usr/share/texlive/texmf-dist/tex/latex/fontspec/fontspec.sty
(/usr/share/texlive/texmf-dist/tex/latex/l3packages/xparse/xparse.sty
(/usr/share/texlive/texmf-dist/tex/latex/l3kernel/expl3.sty
(/usr/share/texlive/texmf-dist/tex/latex/l3backend/l3backend-xetex.def)))
(/usr/share/texlive/texmf-dist/tex/latex/fontspec/fontspec-xetex.sty
(/usr/share/texlive/texmf-dist/tex/latex/base/fontenc.sty)
(/usr/share/texlive/texmf-dist/tex/latex/fontspec/fontspec.cfg)))
(/usr/share/texlive/texmf-dist/tex/latex/amsmath/amsmath.sty
For additional information on amsmath, use the `?' option.
(/usr/share/texlive/texmf-dist/tex/latex/amsmath/amstext.sty
(/usr/share/texlive/texmf-dist/tex/latex/amsmath/amsgen.sty))
(/usr/share/texlive/texmf-dist/tex/latex/amsmath/amsbsy.sty)
(/usr/share/texlive/texmf-dist/tex/latex/amsmath/amsopn.sty)

Package amsmath Warning: Unable to redefine math accent \vec.

) (/usr/share/texlive/texmf-dist/tex/latex/amsfonts/amssymb.sty
(/usr/share/texlive/texmf-dist/tex/latex/amsfonts/amsfonts.sty))
(/usr/share/texlive/texmf-dist/tex/latex/booktabs/booktabs.sty)
(/usr/share/texlive/texmf-dist/tex/latex/graphics/graphicx.sty
(/usr/share/texlive/texmf-dist/tex/latex/graphics/keyval.sty)
(/usr/share/texlive/texmf-dist/tex/latex/graphics/graphics.sty
(/usr/share/texlive/texmf-dist/tex/latex/graphics/trig.sty)
(/usr/share/texlive/texmf-dist/tex/latex/graphics-cfg/graphics.cfg)
(/usr/share/texlive/texmf-dist/tex/latex/graphics-def/xetex.def)))
(/usr/share/texlive/texmf-dist/tex/latex/multirow/multirow.sty)
(/usr/share/texlive/texmf-dist/tex/latex/xcolor/xcolor.sty
(/usr/share/texlive/texmf-dist/tex/latex/graphics-cfg/color.cfg)
(/usr/share/texlive/texmf-dist/tex/latex/graphics/mathcolor.ltx))
(/usr/share/texlive/texmf-dist/tex/latex/hyperref/hyperref.sty
(/usr/share/texlive/texmf-dist/tex/latex/kvsetkeys/kvsetkeys.sty)
(/usr/share/texlive/texmf-dist/tex/generic/kvdefinekeys/kvdefinekeys.sty)
(/usr/share/texlive/texmf-dist/tex/generic/pdfescape/pdfescape.sty
(/usr/share/texlive/texmf-dist/tex/generic/ltxcmds/ltxcmds.sty)
(/usr/share/texlive/texmf-dist/tex/generic/pdftexcmds/pdftexcmds.sty
(/usr/share/texlive/texmf-dist/tex/generic/infwarerr/infwarerr.sty)))
(/usr/share/texlive/texmf-dist/tex/latex/hycolor/hycolor.sty)
(/usr/share/texlive/texmf-dist/tex/latex/auxhook/auxhook.sty)
(/usr/share/texlive/texmf-dist/tex/latex/hyperref/nameref.sty
(/usr/share/texlive/texmf-dist/tex/latex/refcount/refcount.sty)
(/usr/share/texlive/texmf-dist/tex/generic/gettitlestring/gettitlestring.sty
(/usr/share/texlive/texmf-dist/tex/latex/kvoptions/kvoptions.sty)))
(/usr/share/texlive/texmf-dist/tex/latex/etoolbox/etoolbox.sty)
(/usr/share/texlive/texmf-dist/tex/latex/hyperref/pd1enc.def)
(/usr/share/texlive/texmf-dist/tex/generic/intcalc/intcalc.sty)
(/usr/share/texlive/texmf-dist/tex/latex/hyperref/puenc.def)
(/usr/share/texlive/texmf-dist/tex/latex/url/url.sty)
(/usr/share/texlive/texmf-dist/tex/generic/bitset/bitset.sty
(/usr/share/texlive/texmf-dist/tex/generic/bigintcalc/bigintcalc.sty))
(/usr/share/texlive/texmf-dist/tex/latex/base/atbegshi-ltx.sty))
(/usr/share/texlive/texmf-dist/tex/latex/hyperref/hxetex.def
(/usr/share/texlive/texmf-dist/tex/generic/stringenc/stringenc.sty)
(/usr/share/texlive/texmf-dist/tex/latex/rerunfilecheck/rerunfilecheck.sty
(/usr/share/texlive/texmf-dist/tex/latex/base/atveryend-ltx.sty)
(/usr/share/texlive/texmf-dist/tex/generic/uniquecounter/uniquecounter.sty)))
(./generated/revision_results.tex) (./main.aux)
(/usr/share/texlive/texmf-dist/tex/latex/base/ts1cmr.fd) (./main.out)
(./main.out) (/usr/share/texlive/texmf-dist/tex/latex/amsfonts/umsa.fd)
(/usr/share/texlive/texmf-dist/tex/latex/amsfonts/umsb.fd)

LaTeX Warning: Citation `tomasi1998bilateral' on page 1 undefined on input line
 83.

[1]

LaTeX Warning: Citation `alam2018crisismmd' on page 2 undefined on input line 1
05.


LaTeX Warning: Citation `rahnemoonfar2021floodnet' on page 2 undefined on input
 line 106.


LaTeX Warning: Citation `howard2019mobilenetv3' on page 2 undefined on input li
ne 107.


LaTeX Warning: Citation `sanh2019distilbert' on page 2 undefined on input line 
108.


LaTeX Warning: Citation `kyrkou2020emergencynet' on page 2 undefined on input l
ine 109.


LaTeX Warning: Citation `blondel2008louvain' on page 2 undefined on input line 
116.


LaTeX Warning: Citation `traag2019leiden' on page 2 undefined on input line 117
.


LaTeX Warning: Citation `ester1996dbscan' on page 2 undefined on input line 118
.


LaTeX Warning: Citation `campello2013hdbscan' on page 2 undefined on input line
 119.


LaTeX Warning: Citation `birant2007stdbscan' on page 2 undefined on input line 
119.


LaTeX Warning: Citation `chavent2018clustgeo' on page 2 undefined on input line
 122.


LaTeX Warning: Citation `assuncao2006efficient' on page 2 undefined on input li
ne 123.


LaTeX Warning: Citation `yuan2021spatial' on page 2 undefined on input line 124
.


LaTeX Warning: Citation `saaty1980ahp' on page 2 undefined on input line 129.


LaTeX Warning: Citation `vitoriano2011multicriteria' on page 2 undefined on inp
ut line 129.


LaTeX Warning: Citation `gralla2014review' on page 2 undefined on input line 13
1.


LaTeX Warning: Citation `huang2012models' on page 2 undefined on input line 131
.


LaTeX Warning: Citation `tomasi1998bilateral' on page 2 undefined on input line
 152.


LaTeX Warning: Citation `birant2007stdbscan' on page 2 undefined on input line 
152.


LaTeX Warning: Citation `chavent2018clustgeo' on page 2 undefined on input line
 152.


LaTeX Warning: Citation `assuncao2006efficient' on page 2 undefined on input li
ne 152.

[2] [3] [4]
Underfull \hbox (badness 1838) in paragraph at lines 282--294
\TU/lmr/m/n/10 The method-agnostic Gate-1 freeze contains 80 independently gene
rated
[5] [6] [7] [8] [9] (./main.bbl [10]) [11] (./main.aux)

LaTeX Warning: Label(s) may have changed. Rerun to get cross-references right.

 )
(see the transcript file for additional information)
Output written on main.pdf (11 pages).
Transcript written on main.log.
This is XeTeX, Version 3.141592653-2.6-0.999995 (TeX Live 2023/Debian) (preloaded format=xelatex)
 restricted \write18 enabled.
entering extended mode
(./main.tex
LaTeX2e <2023-11-01> patch level 1
L3 programming layer <2024-01-22>
(./llncs.cls
Document Class: llncs 2024/01/29 v2.24 
 LaTeX document class for Lecture Notes in Computer Science
(/usr/share/texlive/texmf-dist/tex/latex/base/article.cls
Document Class: article 2023/05/17 v1.4n Standard LaTeX document class
(/usr/share/texlive/texmf-dist/tex/latex/base/size10.clo))
(/usr/share/texlive/texmf-dist/tex/latex/tools/multicol.sty)
(/usr/share/texlive/texmf-dist/tex/latex/oberdiek/aliascnt.sty))
(/usr/share/texlive/texmf-dist/tex/generic/iftex/iftex.sty)
(/usr/share/texlive/texmf-dist/tex/latex/fontspec/fontspec.sty
(/usr/share/texlive/texmf-dist/tex/latex/l3packages/xparse/xparse.sty
(/usr/share/texlive/texmf-dist/tex/latex/l3kernel/expl3.sty
(/usr/share/texlive/texmf-dist/tex/latex/l3backend/l3backend-xetex.def)))
(/usr/share/texlive/texmf-dist/tex/latex/fontspec/fontspec-xetex.sty
(/usr/share/texlive/texmf-dist/tex/latex/base/fontenc.sty)
(/usr/share/texlive/texmf-dist/tex/latex/fontspec/fontspec.cfg)))
(/usr/share/texlive/texmf-dist/tex/latex/amsmath/amsmath.sty
For additional information on amsmath, use the `?' option.
(/usr/share/texlive/texmf-dist/tex/latex/amsmath/amstext.sty
(/usr/share/texlive/texmf-dist/tex/latex/amsmath/amsgen.sty))
(/usr/share/texlive/texmf-dist/tex/latex/amsmath/amsbsy.sty)
(/usr/share/texlive/texmf-dist/tex/latex/amsmath/amsopn.sty)

Package amsmath Warning: Unable to redefine math accent \vec.

) (/usr/share/texlive/texmf-dist/tex/latex/amsfonts/amssymb.sty
(/usr/share/texlive/texmf-dist/tex/latex/amsfonts/amsfonts.sty))
(/usr/share/texlive/texmf-dist/tex/latex/booktabs/booktabs.sty)
(/usr/share/texlive/texmf-dist/tex/latex/graphics/graphicx.sty
(/usr/share/texlive/texmf-dist/tex/latex/graphics/keyval.sty)
(/usr/share/texlive/texmf-dist/tex/latex/graphics/graphics.sty
(/usr/share/texlive/texmf-dist/tex/latex/graphics/trig.sty)
(/usr/share/texlive/texmf-dist/tex/latex/graphics-cfg/graphics.cfg)
(/usr/share/texlive/texmf-dist/tex/latex/graphics-def/xetex.def)))
(/usr/share/texlive/texmf-dist/tex/latex/multirow/multirow.sty)
(/usr/share/texlive/texmf-dist/tex/latex/xcolor/xcolor.sty
(/usr/share/texlive/texmf-dist/tex/latex/graphics-cfg/color.cfg)
(/usr/share/texlive/texmf-dist/tex/latex/graphics/mathcolor.ltx))
(/usr/share/texlive/texmf-dist/tex/latex/hyperref/hyperref.sty
(/usr/share/texlive/texmf-dist/tex/latex/kvsetkeys/kvsetkeys.sty)
(/usr/share/texlive/texmf-dist/tex/generic/kvdefinekeys/kvdefinekeys.sty)
(/usr/share/texlive/texmf-dist/tex/generic/pdfescape/pdfescape.sty
(/usr/share/texlive/texmf-dist/tex/generic/ltxcmds/ltxcmds.sty)
(/usr/share/texlive/texmf-dist/tex/generic/pdftexcmds/pdftexcmds.sty
(/usr/share/texlive/texmf-dist/tex/generic/infwarerr/infwarerr.sty)))
(/usr/share/texlive/texmf-dist/tex/latex/hycolor/hycolor.sty)
(/usr/share/texlive/texmf-dist/tex/latex/auxhook/auxhook.sty)
(/usr/share/texlive/texmf-dist/tex/latex/hyperref/nameref.sty
(/usr/share/texlive/texmf-dist/tex/latex/refcount/refcount.sty)
(/usr/share/texlive/texmf-dist/tex/generic/gettitlestring/gettitlestring.sty
(/usr/share/texlive/texmf-dist/tex/latex/kvoptions/kvoptions.sty)))
(/usr/share/texlive/texmf-dist/tex/latex/etoolbox/etoolbox.sty)
(/usr/share/texlive/texmf-dist/tex/latex/hyperref/pd1enc.def)
(/usr/share/texlive/texmf-dist/tex/generic/intcalc/intcalc.sty)
(/usr/share/texlive/texmf-dist/tex/latex/hyperref/puenc.def)
(/usr/share/texlive/texmf-dist/tex/latex/url/url.sty)
(/usr/share/texlive/texmf-dist/tex/generic/bitset/bitset.sty
(/usr/share/texlive/texmf-dist/tex/generic/bigintcalc/bigintcalc.sty))
(/usr/share/texlive/texmf-dist/tex/latex/base/atbegshi-ltx.sty))
(/usr/share/texlive/texmf-dist/tex/latex/hyperref/hxetex.def
(/usr/share/texlive/texmf-dist/tex/generic/stringenc/stringenc.sty)
(/usr/share/texlive/texmf-dist/tex/latex/rerunfilecheck/rerunfilecheck.sty
(/usr/share/texlive/texmf-dist/tex/latex/base/atveryend-ltx.sty)
(/usr/share/texlive/texmf-dist/tex/generic/uniquecounter/uniquecounter.sty)))
(./generated/revision_results.tex) (./main.aux)
(/usr/share/texlive/texmf-dist/tex/latex/base/ts1cmr.fd) (./main.out)
(./main.out) (/usr/share/texlive/texmf-dist/tex/latex/amsfonts/umsa.fd)
(/usr/share/texlive/texmf-dist/tex/latex/amsfonts/umsb.fd) [1] [2] [3] [4]
Underfull \hbox (badness 1838) in paragraph at lines 282--294
\TU/lmr/m/n/10 The method-agnostic Gate-1 freeze contains 80 independently gene
rated
[5] [6] [7] [8] [9] (./main.bbl [10]) [11] (./main.aux) )
(see the transcript file for additional information)
Output written on main.pdf (11 pages).
Transcript written on main.log.
{
  "checks": [
    {
      "details": {
        "expected_page_count": 11,
        "figure_policy": "no figures are included by the revised manuscript",
        "maximum_overfull_points": 5.0,
        "path": "revision/submission-policy.json",
        "profile": "minimal-synthetic-resubmission",
        "status": "locked-local-policy"
      },
      "errors": [],
      "name": "submission_policy",
      "status": "pass"
    },
    {
      "details": {
        "accepted_run_id": "20260728T213934Z-85f2a6686a1b-9797f31f-x0-exp23-heldout",
        "promoted_artifact_count": 9,
        "promoted_paths": {
          "claim-selectors.json": "loop/revision/claim-selectors.json",
          "data_distribution_report_v4.json": "demo/results/tables/data_distribution_report_v4.json",
          "data_quality_summary_v4.json": "demo/results/tables/data_quality_summary_v4.json",
          "exp22_runtime_repro.json": "demo/results/tables/exp22_runtime_repro.json",
          "exp23_heldout_evaluation.json.gz": "demo/results/tables/exp23_heldout_evaluation.json.gz",
          "exp23_heldout_selectors.json": "demo/results/tables/exp23_heldout_selectors.json",
          "exp23_heldout_summary.json": "demo/results/tables/exp23_heldout_summary.json",
          "revision_results.tex": "paper/generated/revision_results.tex",
          "traceability.md": "loop/revision/traceability.md"
        },
        "rejected_run_count": 3,
        "result_lock_sha256": "6ec2613168c3984f7a6bb3d72a2224fc8ade3333acee8cfd5457bd040590eeb9"
      },
      "errors": [],
      "name": "result_lock",
      "status": "pass"
    },
    {
      "details": {
        "compact_sha256": "3388cd33b45cda973f1b8b5836454581ef9284bed1cc168e2fb418b00d93d24d",
        "gzip_sha256": "95ec9630fde9ab83ba4c7c68a7f08cba4bcf45a338c12c2abfc3fa1de1f916d5",
        "omitted_raw_rows": 4256,
        "omitted_sections": {
          "/clustering/per_seed_rows": 40,
          "/dispatch_outcomes/per_seed_resource_policy_rows": 720,
          "/factorial_ablation/clustering/rows": 640,
          "/factorial_ablation/priority/rows": 320,
          "/priority_robustness/scenario_rows": 2536
        },
        "raw_bytes": 63123333,
        "raw_content_sha256": "ddafd634fbf9f48ddc4dcc583518a11ae5bb4d342fc29087e9865aefbeb18761",
        "raw_sha256": "f73bfcd03d57bbd1457c569fedc44ce4f230b0c4d24eb6155653a37ed0c97163",
        "selector_content_sha256": "437821d18b9a9c1d9cde5248b2618c4f3274da5d4966274592de6c0b257a10a4",
        "selector_count": 448,
        "selector_sha256": "011a6118744bbaa65bfd274a23e3a5ada1eb8b692285bac1a05c00b150c4a7a2"
      },
      "errors": [],
      "name": "archive_compact_selectors",
      "status": "pass"
    },
    {
      "details": {
        "catalog_sha256": "528fb3c52a73b25aec45f3d1b28a2d02377f3c61011f929ab94930772c9cc18b",
        "claim_count": 9451,
        "macros_sha256": "3c0d5650c6338541ac62fe9ca7f92228ab54979be07c0a13b8ef0b9b23370b50",
        "required_disclosure_count": 10,
        "selector_root_count": 461,
        "source_count": 9
      },
      "errors": [],
      "name": "claim_catalog_macros",
      "status": "pass"
    },
    {
      "details": {
        "claim_occurrence_count": 183,
        "mandatory_disclosure_count": 10,
        "tex_source_count": 2,
        "unique_claim_count": 161,
        "unresolved_claims": []
      },
      "errors": [],
      "name": "manuscript_claims",
      "status": "pass"
    },
    {
      "details": {
        "matches": [],
        "pattern_count": 5,
        "scanned_paths": [
          "README.md",
          "demo/README.md",
          "paper/main.tex"
        ]
      },
      "errors": [],
      "name": "stale_legacy_terms",
      "status": "pass"
    },
    {
      "details": {
        "available_figure_count": 0,
        "includegraphics_count": 0,
        "orphan_figure_count": 0,
        "policy": "no figures are included by the revised manuscript",
        "referenced_figure_count": 0
      },
      "errors": [],
      "name": "figure_policy",
      "status": "pass"
    },
    {
      "details": {
        "contents_verified": true,
        "file_count": 72,
        "mode": "archive",
        "package_bytes": 4706161,
        "package_sha256": "e7b9bcfcda6897853074fa9c21820545440bf0f3022a2c02ab80d64dd9192d1a"
      },
      "errors": [],
      "name": "artifact_package",
      "status": "pass"
    },
    {
      "details": {
        "expected_page_count": 11,
        "maximum_overfull_points": 0.0,
        "overfull_box_count": 0,
        "page_count": 11,
        "unallowed_warning_count": 0,
        "underfull_box_count": 1,
        "warning_count": 1
      },
      "errors": [],
      "name": "tex_log",
      "status": "pass"
    },
    {
      "details": {
        "warning_count": 0
      },
      "errors": [],
      "name": "bibtex_log",
      "status": "pass"
    },
    {
      "details": {
        "inputs": [
          "paper/main.tex",
          "paper/references.bib",
          "paper/generated/revision_results.tex",
          "paper/main.bbl"
        ],
        "outputs": [
          "paper/main.log",
          "paper/main.pdf"
        ]
      },
      "errors": [],
      "name": "publication_freshness",
      "status": "pass"
    }
  ],
  "external_submission_blockers": {
    "authors_and_orcids": "external-blocked",
    "competing_interests_declaration": "external-blocked",
    "funding_declaration": "external-blocked",
    "public_repository_or_doi": "external-blocked",
    "venue_page_limit": null,
    "venue_page_limit_status": "external-blocked"
  },
  "phase": "post",
  "policy": {
    "configured": true,
    "profile": "minimal-synthetic-resubmission",
    "status": "locked-local-policy"
  },
  "repository_root": "/home/ngthtrong/.cache/nckh2-gate4-bootstrap-5988a0d/repo",
  "schema_version": 1,
  "status": "pass",
  "summary": {
    "fail": 0,
    "incomplete": 0,
    "pass": 11,
    "skip": 0
  }
}
{
  "file_count": 141,
  "manifest_sha256": "386b0189a0cedeef58c68d167e55407c29f0edcecc47c0e20a99dfe17210804e",
  "status": "pass",
  "total_bytes": 28522704
}
PASS: full reproduction completed without re-executing X0.
