\BOOKMARK [0][-]{chapter*.1}{\376\377\000T\000\363\000m\000\040\000t\036\257\000t}{}% 1
\BOOKMARK [0][-]{chapter.1}{\376\377\000T\036\325\000n\000g\000\040\000q\000u\000a\000n\000\040\000n\000g\000h\000i\000\352\000n\000\040\000c\036\351\000u}{}% 2
\BOOKMARK [1][-]{section.1.1}{\376\377\000T\000\355\000n\000h\000\040\000c\036\245\000p\000\040\000t\000h\000i\036\277\000t\000\040\000c\036\347\000a\000\040\001\021\036\301\000\040\000t\000\340\000i}{chapter.1}% 3
\BOOKMARK [1][-]{section.1.2}{\376\377\000T\000\354\000n\000h\000\040\000h\000\354\000n\000h\000\040\000n\000g\000h\000i\000\352\000n\000\040\000c\036\351\000u}{chapter.1}% 4
\BOOKMARK [2][-]{subsection.1.2.1}{\376\377\000T\000r\000o\000n\000g\000\040\000n\001\260\036\333\000c}{section.1.2}% 5
\BOOKMARK [2][-]{subsection.1.2.2}{\376\377\000N\000g\000o\000\340\000i\000\040\000n\001\260\036\333\000c}{section.1.2}% 6
\BOOKMARK [1][-]{section.1.3}{\376\377\000M\036\345\000c\000\040\000t\000i\000\352\000u\000\040\001\021\036\301\000\040\000t\000\340\000i}{chapter.1}% 7
\BOOKMARK [0][-]{chapter.2}{\376\377\000K\000i\036\277\000n\000\040\000t\000r\000\372\000c\000\040\000h\036\307\000\040\000t\000h\036\321\000n\000g}{}% 8
\BOOKMARK [1][-]{section.2.1}{\376\377\000K\000i\036\277\000n\000\040\000t\000r\000\372\000c\000\040\000t\036\325\000n\000g\000\040\000q\000u\000a\000n}{chapter.2}% 9
\BOOKMARK [2][-]{subsection.2.1.1}{\376\377\000C\001\241\000\040\000c\000h\036\277\000\040\000t\000r\000u\000y\036\301\000n\000\040\000d\036\357\000\040\000l\000i\036\307\000u\000\040\000t\000h\000\355\000c\000h\000\040\036\351\000n\000g}{section.2.1}% 10
\BOOKMARK [1][-]{section.2.2}{\376\377\000K\000i\036\277\000n\000\040\000t\000r\000\372\000c\000\040\036\351\000n\000g\000\040\000d\036\345\000n\000g\000\040\000d\000i\000\040\001\021\036\331\000n\000g}{chapter.2}% 11
\BOOKMARK [2][-]{subsection.2.2.1}{\376\377\000P\000i\000p\000e\000l\000i\000n\000e\000\040\000A\000I\000\040\000t\036\241\000i\000\040\000b\000i\000\352\000n}{section.2.2}% 12
\BOOKMARK [0][-]{chapter.3}{\376\377\000B\036\331\000\040\000d\036\357\000\040\000l\000i\036\307\000u\000\040\000v\000\340\000\040\000M\000\364\000\040\000h\000\354\000n\000h\000\040\000A\000I}{}% 13
\BOOKMARK [1][-]{section.3.1}{\376\377\000B\036\331\000\040\000d\036\357\000\040\000l\000i\036\307\000u}{chapter.3}% 14
\BOOKMARK [2][-]{subsection.3.1.1}{\376\377\000D\036\357\000\040\000l\000i\036\307\000u\000\040\000h\000\354\000n\000h\000\040\036\243\000n\000h}{section.3.1}% 15
\BOOKMARK [2][-]{subsection.3.1.2}{\376\377\000D\036\357\000\040\000l\000i\036\307\000u\000\040\000v\001\003\000n\000\040\000b\036\243\000n}{section.3.1}% 16
\BOOKMARK [1][-]{section.3.2}{\376\377\000M\000\364\000\040\000h\000\354\000n\000h\000\040\000A\000I\000\040\000v\000\340\000\040\000k\036\371\000\040\000t\000h\000u\036\255\000t\000\040\000t\036\321\000i\000\040\001\260\000u\000\040\000h\000\363\000a}{chapter.3}% 17
\BOOKMARK [2][-]{subsection.3.2.1}{\376\377\000M\000\364\000\040\000h\000\354\000n\000h\000\040\000p\000h\000\342\000n\000\040\000l\000o\036\241\000i\000\040\036\243\000n\000h}{section.3.2}% 18
\BOOKMARK [2][-]{subsection.3.2.2}{\376\377\000M\000\364\000\040\000h\000\354\000n\000h\000\040\000p\000h\000\342\000n\000\040\000l\000o\036\241\000i\000\040\000v\001\003\000n\000\040\000b\036\243\000n}{section.3.2}% 19
\BOOKMARK [2][-]{subsection.3.2.3}{\376\377\000P\000i\000p\000e\000l\000i\000n\000e\000\040\000t\036\321\000i\000\040\001\260\000u\000\040\000h\000\363\000a\000\040\000m\000\364\000\040\000h\000\354\000n\000h}{section.3.2}% 20
\BOOKMARK [0][-]{chapter.4}{\376\377\000T\000h\000u\036\255\000t\000\040\000t\000o\000\341\000n\000\040\000p\000h\000\342\000n\000\040\000c\036\345\000m\000\040\000s\036\361\000\040\000k\000i\036\307\000n\000\040\000c\036\351\000u\000\040\000h\036\331}{}% 21
\BOOKMARK [1][-]{section.4.1}{\376\377\000B\000\340\000i\000\040\000t\000o\000\341\000n\000\040\000p\000h\000\342\000n\000\040\000c\036\345\000m}{chapter.4}% 22
\BOOKMARK [1][-]{section.4.2}{\376\377\000T\000h\000u\036\255\000t\000\040\000t\000o\000\341\000n\000\040\000D\000B\000S\000C\000A\000N\000\040\000k\036\277\000t\000\040\000h\036\343\000p\000\040\000P\000o\000s\000t\000G\000I\000S}{chapter.4}% 23
\BOOKMARK [1][-]{section.4.3}{\376\377\000L\000u\036\323\000n\000g\000\040\000x\036\355\000\040\000l\000\375\000\040\000y\000\352\000u\000\040\000c\036\247\000u\000\040\000c\036\351\000u\000\040\000h\036\331}{chapter.4}% 24
\BOOKMARK [0][-]{chapter.5}{\376\377\000B\036\331\000\040\000c\000\364\000n\000g\000\040\000n\000g\000h\036\307\000\040\000s\036\355\000\040\000d\036\345\000n\000g}{}% 25
\BOOKMARK [0][-]{chapter.6}{\376\377\000C\000\341\000c\000\040\000m\000o\000d\000u\000l\000e\000\040\000h\036\307\000\040\000t\000h\036\321\000n\000g}{}% 26
\BOOKMARK [0][-]{chapter.7}{\376\377\000P\000h\001\260\001\241\000n\000g\000\040\000p\000h\000\341\000p\000\040\000n\000g\000h\000i\000\352\000n\000\040\000c\036\351\000u\000\040\000v\000\340\000\040\000T\000i\036\277\000n\000\040\001\021\036\331}{}% 27
\BOOKMARK [1][-]{section.7.1}{\376\377\000P\000h\001\260\001\241\000n\000g\000\040\000p\000h\000\341\000p\000\040\000n\000g\000h\000i\000\352\000n\000\040\000c\036\351\000u}{chapter.7}% 28
\BOOKMARK [1][-]{section.7.2}{\376\377\000T\000i\036\277\000n\000\040\001\021\036\331\000\040\000t\000h\036\361\000c\000\040\000h\000i\036\307\000n}{chapter.7}% 29
\BOOKMARK [0][-]{chapter.8}{\376\377\000K\036\277\000t\000\040\000q\000u\036\243\000\040\000d\036\361\000\040\000k\000i\036\277\000n\000\040\000v\000\340\000\040\001\020\000\341\000n\000h\000\040\000g\000i\000\341}{}% 30
\BOOKMARK [1][-]{section.8.1}{\376\377\000S\036\243\000n\000\040\000p\000h\036\251\000m\000\040\000d\036\361\000\040\000k\000i\036\277\000n}{chapter.8}% 31
\BOOKMARK [1][-]{section.8.2}{\376\377\000C\000h\036\311\000\040\000t\000i\000\352\000u\000\040\001\021\000\341\000n\000h\000\040\000g\000i\000\341}{chapter.8}% 32
\BOOKMARK [1][-]{section.8.3}{\376\377\000T\000\341\000c\000\040\001\021\036\331\000n\000g\000\040\000v\000\340\000\040\000l\036\343\000i\000\040\000\355\000c\000h}{chapter.8}% 33
\BOOKMARK [0][-]{chapter*.19}{\376\377\000K\036\277\000t\000\040\000l\000u\036\255\000n}{}% 34
\BOOKMARK [0][-]{appendix.A}{\376\377\000T\000h\000\364\000n\000g\000\040\000t\000i\000n\000\040\000n\000h\000\363\000m\000\040\000n\000g\000h\000i\000\352\000n\000\040\000c\036\351\000u}{}% 35
\BOOKMARK [0][-]{appendix.B}{\376\377\000K\000i\000n\000h\000\040\000p\000h\000\355\000\040\000t\000h\036\361\000c\000\040\000h\000i\036\307\000n}{}% 36
